[backblue.gif]
[fade.gif]
[index.html]
[si2.usfx.bo/suniver/web/images/dtic-small.png]
[si2.usfx.bo/suniver/web/images/usfx-small.png]
[si2.usfx.bo/suniver/web/assets/ae247ea1/jquery.js]
[si2.usfx.bo/suniver/web/assets/bf13c3dc/yii.js]
[si2.usfx.bo/suniver/web/assets/bf13c3dc/yii.activeForm.js]
[si2.usfx.bo/suniver/web/assets/caad04ca/js/bootstrap.js]
[si2.usfx.bo/suniver/web/assets/56a1f85b/js/app.min.js]
[si2.usfx.bo/suniver/web/js/layoutContent.js]
[si2.usfx.bo/suniver/web/js/layoutLeft.js]
[si2.usfx.bo/suniver/web/plugins/sweetalert2/sweetalert2.all.js]
[si2.usfx.bo/suniver/web/Cuenta/security/login.html]
[si2.usfx.bo/suniver/web/assets/caad04ca/css/bootstrap.css]
[si2.usfx.bo/suniver/web/assets/fd59674c/css/font-awesome.min.css]
[si2.usfx.bo/suniver/web/assets/56a1f85b/css/skins/skin-yellow-light.min.css]
[si2.usfx.bo/suniver/web/css/AdminLTE.min.css]
[si2.usfx.bo/suniver/web/css/fonts.min.css]
[si2.usfx.bo/suniver/web/css/site.min.css]
[si2.usfx.bo/suniver/web/plugins/sweetalert2/sweetalert2.css]
[si2.usfx.bo/suniver/web/img/boxed-bg.html]
